10:33:34 **** Auto Build of configuration Debug for project LED_test ****
make all 
Building file: ../src/LED_test_tut_1C.c
Invoking: ARM gcc compiler
arm-xilinx-eabi-gcc -Wall -O0 -g3 -c -fmessage-length=0 -MT"src/LED_test_tut_1C.o" -I../../LED_test_bsp/ps7_cortexa9_0/include -MMD -MP -MF"src/LED_test_tut_1C.d" -MT"src/LED_test_tut_1C.d" -o "src/LED_test_tut_1C.o" "../src/LED_test_tut_1C.c"
Finished building: ../src/LED_test_tut_1C.c
 
Building target: LED_test.elf
Invoking: ARM gcc linker
arm-xilinx-eabi-gcc -Wl,-T -Wl,../src/lscript.ld -L../../LED_test_bsp/ps7_cortexa9_0/lib -o "LED_test.elf"  ./src/LED_test_tut_1C.o   -Wl,--start-group,-lxil,-lgcc,-lc,--end-group
Finished building target: LED_test.elf
 
Invoking: ARM Print Size
arm-xilinx-eabi-size LED_test.elf  |tee "LED_test.elf.size"
   text	   data	    bss	    dec	    hex	filename
  23748	   1168	  22596	  47512	   b998	LED_test.elf
Finished building: LED_test.elf.size
 

10:33:34 Build Finished (took 436ms)

