#-----------------------------------------------------------
# Vivado v2018.2 (64-bit)
# SW Build 2258646 on Thu Jun 14 20:02:38 MDT 2018
# IP Build 2256618 on Thu Jun 14 22:10:49 MDT 2018
# Start of session at: Sun Dec 29 12:35:10 2019
# Process ID: 30328
# Current directory: /home/carlos/Desktop/REPO/github/cpantel/TheZynqBook/pynq-z2/2018.2/exercise04/exercise04.runs/led_test_system_led_controller_0_0_synth_1
# Command line: vivado -log led_test_system_led_controller_0_0.vds -product Vivado -mode batch -messageDb vivado.pb -notrace -source led_test_system_led_controller_0_0.tcl
# Log file: /home/carlos/Desktop/REPO/github/cpantel/TheZynqBook/pynq-z2/2018.2/exercise04/exercise04.runs/led_test_system_led_controller_0_0_synth_1/led_test_system_led_controller_0_0.vds
# Journal file: /home/carlos/Desktop/REPO/github/cpantel/TheZynqBook/pynq-z2/2018.2/exercise04/exercise04.runs/led_test_system_led_controller_0_0_synth_1/vivado.jou
#-----------------------------------------------------------
source led_test_system_led_controller_0_0.tcl -notrace
